// Jest Snapshot v1, https://goo.gl/fbAQLP

exports[`LabeledPositiveNumberInput calls setRoomOccupations when component renders 1`] = `
<label
  data-testid="id"
  for="id"
>
  Label
  <input
    id="id"
    min="0"
    type="number"
    value="0"
  />
</label>
`;
